  15:44   error    Unexpected any. Specify a different type     @typescript-eslint/no-explicit-any
  10:32  error    Unexpected any. Specify a different type   @typescript-eslint/no-explicit-any
   9:46  error  Unexpected any. Specify a different type  @typescript-eslint/no-explicit-any
  10:36  error  Unexpected any. Specify a different type  @typescript-eslint/no-explicit-any
  10:36  error  Unexpected any. Specify a different type                         @typescript-eslint/no-explicit-any
  33:45  error  `"` can be escaped with `&quot;`, `&ldquo;`, `&#34;`, `&rdquo;`  react/no-unescaped-entities
  33:60  error  `"` can be escaped with `&quot;`, `&ldquo;`, `&#34;`, `&rdquo;`  react/no-unescaped-entities
  10:38  error  Unexpected any. Specify a different type  @typescript-eslint/no-explicit-any
  11:46  error  Unexpected any. Specify a different type                         @typescript-eslint/no-explicit-any
  12:46  error  Unexpected any. Specify a different type                         @typescript-eslint/no-explicit-any
  34:9   error  `"` can be escaped with `&quot;`, `&ldquo;`, `&#34;`, `&rdquo;`  react/no-unescaped-entities
  34:65  error  `"` can be escaped with `&quot;`, `&ldquo;`, `&#34;`, `&rdquo;`  react/no-unescaped-entities
   34:36  error    Unexpected any. Specify a different type     @typescript-eslint/no-explicit-any
  152:45  error    Unexpected any. Specify a different type     @typescript-eslint/no-explicit-any
  257:49  error    Unexpected any. Specify a different type     @typescript-eslint/no-explicit-any
  354:48  error    Unexpected any. Specify a different type     @typescript-eslint/no-explicit-any
  384:49  error    Unexpected any. Specify a different type     @typescript-eslint/no-explicit-any
  8:41  error    Unexpected any. Specify a different type  @typescript-eslint/no-explicit-any
  11:19  error  Unexpected any. Specify a different type  @typescript-eslint/no-explicit-any
  66:45  error  Unexpected any. Specify a different type  @typescript-eslint/no-explicit-any
   15:41  error    Unexpected any. Specify a different type                                                                                                                                                                                                                                                                                                                                                                                                                                                                                                                                                                                                                                                                                                                                                                                                                                                                                                                                               @typescript-eslint/no-explicit-any
   17:40  error    Unexpected any. Specify a different type                                                                                                                                                                                                                                                                                                                                                                                                                                                                                                                                                                                                                                                                                                                                                                                                                                                                                                                                               @typescript-eslint/no-explicit-any
   22:5   error    Error: Cannot access variable before it is declared
  127:48  error    Unexpected any. Specify a different type                                                                                                                                                                                                                                                                                                                                                                                                                                                                                                                                                                                                                                                                                                                                                                                                                                                                                                                                               @typescript-eslint/no-explicit-any
  152:47  error    Unexpected any. Specify a different type                                                                                                                                                                                                                                                                                                                                                                                                                                                                                                                                                                                                                                                                                                                                                                                                                                                                                                                                               @typescript-eslint/no-explicit-any
   92:23   error    Unexpected any. Specify a different type           @typescript-eslint/no-explicit-any
   92:55   error    Unexpected any. Specify a different type           @typescript-eslint/no-explicit-any
   97:112  error    Unexpected any. Specify a different type           @typescript-eslint/no-explicit-any
   99:75   error    Unexpected any. Specify a different type           @typescript-eslint/no-explicit-any
  100:74   error    Unexpected any. Specify a different type           @typescript-eslint/no-explicit-any
  12:40  error    Unexpected any. Specify a different type  @typescript-eslint/no-explicit-any
  66:52  error    Unexpected any. Specify a different type  @typescript-eslint/no-explicit-any
  75:51  error    Unexpected any. Specify a different type  @typescript-eslint/no-explicit-any
   24:52  error    Unexpected any. Specify a different type                                                                                                                                                                                                                                                                                                                                                                                                                                                                                                                                                                                                                                                                                                                                                                                                                                                                                                                                                                                                                                                                                                                   @typescript-eslint/no-explicit-any
   32:7   error    Error: Calling setState synchronously within an effect can trigger cascading renders
   33:7   error    Error: Cannot access variable before it is declared
  196:60  error    Unexpected any. Specify a different type                                                                                                                                                                                                                                                                                                                                                                                                                                                                                                                                                                                                                                                                                                                                                                                                                                                                                                                                                                                                                                                                                                                   @typescript-eslint/no-explicit-any
  255:53  error    Unexpected any. Specify a different type                                                                                                                                                                                                                                                                                                                                                                                                                                                                                                                                                                                                                                                                                                                                                                                                                                                                                                                                                                                                                                                                                                                   @typescript-eslint/no-explicit-any
   16:36  error    Unexpected any. Specify a different type                                                                                                                                                                                                                                                                                                                                                                                                                                                                                                                                                                                                                                                                                                                                                                                                                                                                                                                                                                                                   @typescript-eslint/no-explicit-any
   17:36  error    Unexpected any. Specify a different type                                                                                                                                                                                                                                                                                                                                                                                                                                                                                                                                                                                                                                                                                                                                                                                                                                                                                                                                                                                                   @typescript-eslint/no-explicit-any
   18:46  error    Unexpected any. Specify a different type                                                                                                                                                                                                                                                                                                                                                                                                                                                                                                                                                                                                                                                                                                                                                                                                                                                                                                                                                                                                   @typescript-eslint/no-explicit-any
   41:5   error    Error: Calling setState synchronously within an effect can trigger cascading renders
   74:60  error    Unexpected any. Specify a different type                                                                                                                                                                                                                                                                                                                                                                                                                                                                                                                                                                                                                                                                                                                                                                                                                                                                                                                                                                                                   @typescript-eslint/no-explicit-any
  134:48  error    Unexpected any. Specify a different type                                                                                                                                                                                                                                                                                                                                                                                                                                                                                                                                                                                                                                                                                                                                                                                                                                                                                                                                                                                                   @typescript-eslint/no-explicit-any
  140:71  error    `"` can be escaped with `&quot;`, `&ldquo;`, `&#34;`, `&rdquo;`                                                                                                                                                                                                                                                                                                                                                                                                                                                                                                                                                                                                                                                                                                                                                                                                                                                                                                                                                                            react/no-unescaped-entities
  140:96  error    `"` can be escaped with `&quot;`, `&ldquo;`, `&#34;`, `&rdquo;`                                                                                                                                                                                                                                                                                                                                                                                                                                                                                                                                                                                                                                                                                                                                                                                                                                                                                                                                                                            react/no-unescaped-entities
   12:41  error    Unexpected any. Specify a different type                  @typescript-eslint/no-explicit-any
   15:44  error    Unexpected any. Specify a different type                  @typescript-eslint/no-explicit-any
   45:7   error    'publicProfile' is never reassigned. Use 'const' instead  prefer-const
  121:63  error    Unexpected any. Specify a different type                  @typescript-eslint/no-explicit-any
  184:65  error    Unexpected any. Specify a different type                  @typescript-eslint/no-explicit-any
  264:33  error    Unexpected any. Specify a different type                  @typescript-eslint/no-explicit-any
  11:18  error  Unexpected any. Specify a different type  @typescript-eslint/no-explicit-any
  15:48  error    Unexpected any. Specify a different type                                                                                                                                                                                                                                                                                                                                                                                                                                                                                                                                                                                                                                                                                                                                                                                                                                                                                                                                                                                                         @typescript-eslint/no-explicit-any
  33:5   error    Error: Calling setState synchronously within an effect can trigger cascading renders
  203:44  error    Unexpected any. Specify a different type           @typescript-eslint/no-explicit-any
  14:41  error    Unexpected any. Specify a different type     @typescript-eslint/no-explicit-any
   9:33   error    Unexpected any. Specify a different type                         @typescript-eslint/no-explicit-any
  12:46   error    Unexpected any. Specify a different type                         @typescript-eslint/no-explicit-any
  13:52   error    Unexpected any. Specify a different type                         @typescript-eslint/no-explicit-any
  53:135  error    `'` can be escaped with `&apos;`, `&lsquo;`, `&#39;`, `&rsquo;`  react/no-unescaped-entities
  69:42   error    Unexpected any. Specify a different type                         @typescript-eslint/no-explicit-any
  70:22  error    `'` can be escaped with `&apos;`, `&lsquo;`, `&#39;`, `&rsquo;`  react/no-unescaped-entities
  70:45  error    `"` can be escaped with `&quot;`, `&ldquo;`, `&#34;`, `&rdquo;`  react/no-unescaped-entities
  70:50  error    `"` can be escaped with `&quot;`, `&ldquo;`, `&#34;`, `&rdquo;`  react/no-unescaped-entities
  11:36  error  Unexpected any. Specify a different type  @typescript-eslint/no-explicit-any
  11:19  error    Unexpected any. Specify a different type  @typescript-eslint/no-explicit-any
  12:18  error    Unexpected any. Specify a different type  @typescript-eslint/no-explicit-any
   12:41   error    Unexpected any. Specify a different type                         @typescript-eslint/no-explicit-any
   98:25   error    `"` can be escaped with `&quot;`, `&ldquo;`, `&#34;`, `&rdquo;`  react/no-unescaped-entities
   98:59   error    `'` can be escaped with `&apos;`, `&lsquo;`, `&#39;`, `&rsquo;`  react/no-unescaped-entities
   98:108  error    `"` can be escaped with `&quot;`, `&ldquo;`, `&#34;`, `&rdquo;`  react/no-unescaped-entities
   99:25   error    `"` can be escaped with `&quot;`, `&ldquo;`, `&#34;`, `&rdquo;`  react/no-unescaped-entities
   99:87   error    `"` can be escaped with `&quot;`, `&ldquo;`, `&#34;`, `&rdquo;`  react/no-unescaped-entities
  100:25   error    `"` can be escaped with `&quot;`, `&ldquo;`, `&#34;`, `&rdquo;`  react/no-unescaped-entities
  100:83   error    `"` can be escaped with `&quot;`, `&ldquo;`, `&#34;`, `&rdquo;`  react/no-unescaped-entities
  169:44  error    Unexpected any. Specify a different type                         @typescript-eslint/no-explicit-any
  200:58  error    Unexpected any. Specify a different type                         @typescript-eslint/no-explicit-any
  285:52  error    Unexpected any. Specify a different type                         @typescript-eslint/no-explicit-any
  314:41  error    `'` can be escaped with `&apos;`, `&lsquo;`, `&#39;`, `&rsquo;`  react/no-unescaped-entities
   58:103  error    Unexpected any. Specify a different type  @typescript-eslint/no-explicit-any
  112:43   error    Unexpected any. Specify a different type  @typescript-eslint/no-explicit-any
  11:44  error  Unexpected any. Specify a different type  @typescript-eslint/no-explicit-any
  55:71  error  Unexpected any. Specify a different type  @typescript-eslint/no-explicit-any
  61:74  error  Unexpected any. Specify a different type  @typescript-eslint/no-explicit-any
  133:142  error    `'` can be escaped with `&apos;`, `&lsquo;`, `&#39;`, `&rsquo;`  react/no-unescaped-entities
  24:36  error    Unexpected any. Specify a different type                                                                                                                                                                                                                                                                                                                                                                                                                                                                                                                                                                                                                                                                                                                                                                                                                                                                                                                                                                                                       @typescript-eslint/no-explicit-any
  40:5   error    Error: Calling setState synchronously within an effect can trigger cascading renders
  20:7  error  Error: Calling setState synchronously within an effect can trigger cascading renders
   9:32  error    Unexpected any. Specify a different type   @typescript-eslint/no-explicit-any
  11:36  error  Unexpected any. Specify a different type                         @typescript-eslint/no-explicit-any
  12:44  error  Unexpected any. Specify a different type                         @typescript-eslint/no-explicit-any
  13:46  error  Unexpected any. Specify a different type                         @typescript-eslint/no-explicit-any
  90:47  error  `"` can be escaped with `&quot;`, `&ldquo;`, `&#34;`, `&rdquo;`  react/no-unescaped-entities
  90:70  error  `"` can be escaped with `&quot;`, `&ldquo;`, `&#34;`, `&rdquo;`  react/no-unescaped-entities
   8:40  error    Unexpected any. Specify a different type                         @typescript-eslint/no-explicit-any
  18:49  error    `"` can be escaped with `&quot;`, `&ldquo;`, `&#34;`, `&rdquo;`  react/no-unescaped-entities
  18:57  error    `"` can be escaped with `&quot;`, `&ldquo;`, `&#34;`, `&rdquo;`  react/no-unescaped-entities
  27:47  error    `"` can be escaped with `&quot;`, `&ldquo;`, `&#34;`, `&rdquo;`  react/no-unescaped-entities
  27:69  error    `"` can be escaped with `&quot;`, `&ldquo;`, `&#34;`, `&rdquo;`  react/no-unescaped-entities
  7:38  error  Unexpected any. Specify a different type  @typescript-eslint/no-explicit-any
  7:38  error  Unexpected any. Specify a different type  @typescript-eslint/no-explicit-any
  10:40  error    Unexpected any. Specify a different type     @typescript-eslint/no-explicit-any
  11:38  error    Unexpected any. Specify a different type     @typescript-eslint/no-explicit-any
  7:42  error  Unexpected any. Specify a different type  @typescript-eslint/no-explicit-any
  77:25  error    `"` can be escaped with `&quot;`, `&ldquo;`, `&#34;`, `&rdquo;`  react/no-unescaped-entities
  77:39  error    `"` can be escaped with `&quot;`, `&ldquo;`, `&#34;`, `&rdquo;`  react/no-unescaped-entities
  9:40  error  Unexpected any. Specify a different type  @typescript-eslint/no-explicit-any
   14:11   error    `"` can be escaped with `&quot;`, `&ldquo;`, `&#34;`, `&rdquo;`  react/no-unescaped-entities
   14:102  error    `"` can be escaped with `&quot;`, `&ldquo;`, `&#34;`, `&rdquo;`  react/no-unescaped-entities
   34:73   error    `"` can be escaped with `&quot;`, `&ldquo;`, `&#34;`, `&rdquo;`  react/no-unescaped-entities
   34:302  error    `"` can be escaped with `&quot;`, `&ldquo;`, `&#34;`, `&rdquo;`  react/no-unescaped-entities
   55:73   error    `"` can be escaped with `&quot;`, `&ldquo;`, `&#34;`, `&rdquo;`  react/no-unescaped-entities
   55:319  error    `"` can be escaped with `&quot;`, `&ldquo;`, `&#34;`, `&rdquo;`  react/no-unescaped-entities
   59:46   error    `'` can be escaped with `&apos;`, `&lsquo;`, `&#39;`, `&rsquo;`  react/no-unescaped-entities
   59:80   error    `'` can be escaped with `&apos;`, `&lsquo;`, `&#39;`, `&rsquo;`  react/no-unescaped-entities
   75:92   error    `"` can be escaped with `&quot;`, `&ldquo;`, `&#34;`, `&rdquo;`  react/no-unescaped-entities
   75:118  error    `"` can be escaped with `&quot;`, `&ldquo;`, `&#34;`, `&rdquo;`  react/no-unescaped-entities
   77:73   error    `"` can be escaped with `&quot;`, `&ldquo;`, `&#34;`, `&rdquo;`  react/no-unescaped-entities
   77:93   error    `'` can be escaped with `&apos;`, `&lsquo;`, `&#39;`, `&rsquo;`  react/no-unescaped-entities
   77:256  error    `"` can be escaped with `&quot;`, `&ldquo;`, `&#34;`, `&rdquo;`  react/no-unescaped-entities
   94:73   error    `"` can be escaped with `&quot;`, `&ldquo;`, `&#34;`, `&rdquo;`  react/no-unescaped-entities
   94:238  error    `"` can be escaped with `&quot;`, `&ldquo;`, `&#34;`, `&rdquo;`  react/no-unescaped-entities
  115:73   error    `"` can be escaped with `&quot;`, `&ldquo;`, `&#34;`, `&rdquo;`  react/no-unescaped-entities
  115:196  error    `'` can be escaped with `&apos;`, `&lsquo;`, `&#39;`, `&rsquo;`  react/no-unescaped-entities
  115:211  error    `'` can be escaped with `&apos;`, `&lsquo;`, `&#39;`, `&rsquo;`  react/no-unescaped-entities
  115:327  error    `'` can be escaped with `&apos;`, `&lsquo;`, `&#39;`, `&rsquo;`  react/no-unescaped-entities
  115:365  error    `'` can be escaped with `&apos;`, `&lsquo;`, `&#39;`, `&rsquo;`  react/no-unescaped-entities
  115:387  error    `"` can be escaped with `&quot;`, `&ldquo;`, `&#34;`, `&rdquo;`  react/no-unescaped-entities
   30:5   error    Error: Calling setState synchronously within an effect can trigger cascading renders
  192:61  error    `"` can be escaped with `&quot;`, `&ldquo;`, `&#34;`, `&rdquo;`                                                                                                                                                                                                                                                                                                                                                                                                                                                                                                                                                                                                                                                                                                                                                                                                                                                                                                                                                                                                         react/no-unescaped-entities
  192:72  error    `"` can be escaped with `&quot;`, `&ldquo;`, `&#34;`, `&rdquo;`                                                                                                                                                                                                                                                                                                                                                                                                                                                                                                                                                                                                                                                                                                                                                                                                                                                                                                                                                                                                         react/no-unescaped-entities
  8:40  error  Unexpected any. Specify a different type  @typescript-eslint/no-explicit-any
  9:38  error  Unexpected any. Specify a different type  @typescript-eslint/no-explicit-any
  11:38  error    Unexpected any. Specify a different type  @typescript-eslint/no-explicit-any
  12:36  error    Unexpected any. Specify a different type  @typescript-eslint/no-explicit-any
  97:72  error    Unexpected any. Specify a different type  @typescript-eslint/no-explicit-any
  11:44  error    Unexpected any. Specify a different type  @typescript-eslint/no-explicit-any
  11:44  error    Unexpected any. Specify a different type  @typescript-eslint/no-explicit-any
  11:46  error    Unexpected any. Specify a different type                         @typescript-eslint/no-explicit-any
  52:17  error    `"` can be escaped with `&quot;`, `&ldquo;`, `&#34;`, `&rdquo;`  react/no-unescaped-entities
  52:35  error    `"` can be escaped with `&quot;`, `&ldquo;`, `&#34;`, `&rdquo;`  react/no-unescaped-entities
  11:40  error    Unexpected any. Specify a different type  @typescript-eslint/no-explicit-any
  11:34  error    Unexpected any. Specify a different type  @typescript-eslint/no-explicit-any
  13:42  error    Unexpected any. Specify a different type     @typescript-eslint/no-explicit-any
  57:48  error    Unexpected any. Specify a different type     @typescript-eslint/no-explicit-any
  11:36  error    Unexpected any. Specify a different type  @typescript-eslint/no-explicit-any
  12:42  error  Unexpected any. Specify a different type  @typescript-eslint/no-explicit-any
  13:46  error  Unexpected any. Specify a different type  @typescript-eslint/no-explicit-any
  14:50  error  Unexpected any. Specify a different type  @typescript-eslint/no-explicit-any
  15:54  error  Unexpected any. Specify a different type  @typescript-eslint/no-explicit-any
    8:44  error    Unexpected any. Specify a different type   @typescript-eslint/no-explicit-any
   75:51  error    Unexpected any. Specify a different type   @typescript-eslint/no-explicit-any
   94:51  error    Unexpected any. Specify a different type   @typescript-eslint/no-explicit-any
  112:49  error    Unexpected any. Specify a different type   @typescript-eslint/no-explicit-any
  136:52  error    Unexpected any. Specify a different type   @typescript-eslint/no-explicit-any
  99:16  error    `'` can be escaped with `&apos;`, `&lsquo;`, `&#39;`, `&rsquo;`  react/no-unescaped-entities
  11:38  error    Unexpected any. Specify a different type  @typescript-eslint/no-explicit-any
  10:42  error  Unexpected any. Specify a different type  @typescript-eslint/no-explicit-any
  70:47  error  Unexpected any. Specify a different type  @typescript-eslint/no-explicit-any
  10:44  error  Unexpected any. Specify a different type  @typescript-eslint/no-explicit-any
  8:40  error  Unexpected any. Specify a different type  @typescript-eslint/no-explicit-any
  9:40  error  Unexpected any. Specify a different type  @typescript-eslint/no-explicit-any
  7:40  error  Unexpected any. Specify a different type  @typescript-eslint/no-explicit-any
  8:46  error  Unexpected any. Specify a different type  @typescript-eslint/no-explicit-any
  7:38  error  Unexpected any. Specify a different type  @typescript-eslint/no-explicit-any
  8:40  error  Unexpected any. Specify a different type  @typescript-eslint/no-explicit-any
   11:36   error    Unexpected any. Specify a different type                         @typescript-eslint/no-explicit-any
   34:25   error    `'` can be escaped with `&apos;`, `&lsquo;`, `&#39;`, `&rsquo;`  react/no-unescaped-entities
   52:51   error    Unexpected any. Specify a different type                         @typescript-eslint/no-explicit-any
   87:37   error    Unexpected any. Specify a different type                         @typescript-eslint/no-explicit-any
   87:76   error    Unexpected any. Specify a different type                         @typescript-eslint/no-explicit-any
  111:39   error    Unexpected any. Specify a different type                         @typescript-eslint/no-explicit-any
  111:118  error    Unexpected any. Specify a different type                         @typescript-eslint/no-explicit-any
  8:38  error  Unexpected any. Specify a different type  @typescript-eslint/no-explicit-any
  7:46  error  Unexpected any. Specify a different type  @typescript-eslint/no-explicit-any
   19:25  error  Unexpected any. Specify a different type  @typescript-eslint/no-explicit-any
   55:86  error  Unexpected any. Specify a different type  @typescript-eslint/no-explicit-any
   56:87  error  Unexpected any. Specify a different type  @typescript-eslint/no-explicit-any
  117:67  error  Unexpected any. Specify a different type  @typescript-eslint/no-explicit-any
  119:33  error  Unexpected any. Specify a different type  @typescript-eslint/no-explicit-any
  123:51  error  Unexpected any. Specify a different type  @typescript-eslint/no-explicit-any
  124:56  error  Unexpected any. Specify a different type  @typescript-eslint/no-explicit-any
  9:44  error  Unexpected any. Specify a different type  @typescript-eslint/no-explicit-any
  10:46  error    Unexpected any. Specify a different type  @typescript-eslint/no-explicit-any
  11:40  error    Unexpected any. Specify a different type  @typescript-eslint/no-explicit-any
  8:42  error    Unexpected any. Specify a different type  @typescript-eslint/no-explicit-any
   16:42  error    Unexpected any. Specify a different type  @typescript-eslint/no-explicit-any
   17:40  error    Unexpected any. Specify a different type  @typescript-eslint/no-explicit-any
   18:36  error    Unexpected any. Specify a different type  @typescript-eslint/no-explicit-any
   19:42  error    Unexpected any. Specify a different type  @typescript-eslint/no-explicit-any
   20:46  error    Unexpected any. Specify a different type  @typescript-eslint/no-explicit-any
   21:54  error    Unexpected any. Specify a different type  @typescript-eslint/no-explicit-any
   95:56  error    Unexpected any. Specify a different type  @typescript-eslint/no-explicit-any
  129:34  error    Unexpected any. Specify a different type  @typescript-eslint/no-explicit-any
  213:64  error    Unexpected any. Specify a different type  @typescript-eslint/no-explicit-any
  12:48  error    Unexpected any. Specify a different type  @typescript-eslint/no-explicit-any
  14:40  error    Unexpected any. Specify a different type  @typescript-eslint/no-explicit-any
  12:40  error    Unexpected any. Specify a different type     @typescript-eslint/no-explicit-any
  13:46  error    Unexpected any. Specify a different type     @typescript-eslint/no-explicit-any
  12:44  error    Unexpected any. Specify a different type  @typescript-eslint/no-explicit-any
  74:46  error    Unexpected any. Specify a different type  @typescript-eslint/no-explicit-any
  12:42  error    Unexpected any. Specify a different type               @typescript-eslint/no-explicit-any
  20:29  error    Unexpected any. Specify a different type               @typescript-eslint/no-explicit-any
  25:13  error    'allActions' is never reassigned. Use 'const' instead  prefer-const
  25:25  error    Unexpected any. Specify a different type               @typescript-eslint/no-explicit-any
  26:32  error    Unexpected any. Specify a different type               @typescript-eslint/no-explicit-any
  28:50  error    Unexpected any. Specify a different type               @typescript-eslint/no-explicit-any
  117:172  error  `'` can be escaped with `&apos;`, `&lsquo;`, `&#39;`, `&rsquo;`  react/no-unescaped-entities
  117:200  error  `'` can be escaped with `&apos;`, `&lsquo;`, `&#39;`, `&rsquo;`  react/no-unescaped-entities
  142:54   error  `"` can be escaped with `&quot;`, `&ldquo;`, `&#34;`, `&rdquo;`  react/no-unescaped-entities
  142:61   error  `"` can be escaped with `&quot;`, `&ldquo;`, `&#34;`, `&rdquo;`  react/no-unescaped-entities
  142:212  error  `'` can be escaped with `&apos;`, `&lsquo;`, `&#39;`, `&rsquo;`  react/no-unescaped-entities
  148:173  error  `'` can be escaped with `&apos;`, `&lsquo;`, `&#39;`, `&rsquo;`  react/no-unescaped-entities
  80:40   error    `"` can be escaped with `&quot;`, `&ldquo;`, `&#34;`, `&rdquo;`  react/no-unescaped-entities
  80:47   error    `"` can be escaped with `&quot;`, `&ldquo;`, `&#34;`, `&rdquo;`  react/no-unescaped-entities
  80:209  error    `"` can be escaped with `&quot;`, `&ldquo;`, `&#34;`, `&rdquo;`  react/no-unescaped-entities
  80:235  error    `"` can be escaped with `&quot;`, `&ldquo;`, `&#34;`, `&rdquo;`  react/no-unescaped-entities
  164:80   error    `"` can be escaped with `&quot;`, `&ldquo;`, `&#34;`, `&rdquo;`  react/no-unescaped-entities
  164:101  error    `"` can be escaped with `&quot;`, `&ldquo;`, `&#34;`, `&rdquo;`  react/no-unescaped-entities
   9:48  error    Unexpected any. Specify a different type             @typescript-eslint/no-explicit-any
  10:48  error    Unexpected any. Specify a different type             @typescript-eslint/no-explicit-any
  11:56  error    Unexpected any. Specify a different type             @typescript-eslint/no-explicit-any
   16:42  error  Unexpected any. Specify a different type  @typescript-eslint/no-explicit-any
   17:44  error  Unexpected any. Specify a different type  @typescript-eslint/no-explicit-any
  113:40  error  Unexpected any. Specify a different type  @typescript-eslint/no-explicit-any
  11:40  error  Unexpected any. Specify a different type  @typescript-eslint/no-explicit-any
  12:38  error  Unexpected any. Specify a different type  @typescript-eslint/no-explicit-any
  13:44  error  Unexpected any. Specify a different type  @typescript-eslint/no-explicit-any
   16:40  error  Unexpected any. Specify a different type  @typescript-eslint/no-explicit-any
   17:46  error  Unexpected any. Specify a different type  @typescript-eslint/no-explicit-any
   18:46  error  Unexpected any. Specify a different type  @typescript-eslint/no-explicit-any
  111:49  error  Unexpected any. Specify a different type  @typescript-eslint/no-explicit-any
  10:40  error  Unexpected any. Specify a different type  @typescript-eslint/no-explicit-any
  12:54  error    Unexpected any. Specify a different type  @typescript-eslint/no-explicit-any
  28:19  error    Unexpected any. Specify a different type  @typescript-eslint/no-explicit-any
  12:40   error    Unexpected any. Specify a different type                         @typescript-eslint/no-explicit-any
  13:40   error    Unexpected any. Specify a different type                         @typescript-eslint/no-explicit-any
  14:40   error    Unexpected any. Specify a different type                         @typescript-eslint/no-explicit-any
  15:38   error    Unexpected any. Specify a different type                         @typescript-eslint/no-explicit-any
  16:48   error    Unexpected any. Specify a different type                         @typescript-eslint/no-explicit-any
  31:143  error    `'` can be escaped with `&apos;`, `&lsquo;`, `&#39;`, `&rsquo;`  react/no-unescaped-entities
  8:38  error  Unexpected any. Specify a different type  @typescript-eslint/no-explicit-any
  97:13  error  `"` can be escaped with `&quot;`, `&ldquo;`, `&#34;`, `&rdquo;`  react/no-unescaped-entities
  97:41  error  `"` can be escaped with `&quot;`, `&ldquo;`, `&#34;`, `&rdquo;`  react/no-unescaped-entities
  86:63  error  `"` can be escaped with `&quot;`, `&ldquo;`, `&#34;`, `&rdquo;`  react/no-unescaped-entities
  86:69  error  `"` can be escaped with `&quot;`, `&ldquo;`, `&#34;`, `&rdquo;`  react/no-unescaped-entities
  14:7  error  Error: Calling setState synchronously within an effect can trigger cascading renders
   8:38  error    Unexpected any. Specify a different type  @typescript-eslint/no-explicit-any
   9:50  error    Unexpected any. Specify a different type  @typescript-eslint/no-explicit-any
  14:36  error    Unexpected any. Specify a different type  @typescript-eslint/no-explicit-any
  19:44  error    Unexpected any. Specify a different type  @typescript-eslint/no-explicit-any
  18:7  error  Error: Calling setState synchronously within an effect can trigger cascading renders
  63:40  error  Unexpected any. Specify a different type  @typescript-eslint/no-explicit-any
  19:7  error  'breadcrumbs' is never reassigned. Use 'const' instead  prefer-const
    8:81  error    Unexpected any. Specify a different type  @typescript-eslint/no-explicit-any
   59:56  error    Unexpected any. Specify a different type  @typescript-eslint/no-explicit-any
  118:53  error    Unexpected any. Specify a different type  @typescript-eslint/no-explicit-any
  9:108  error  Unexpected any. Specify a different type  @typescript-eslint/no-explicit-any
    8:44  error    Unexpected any. Specify a different type                                                                                                                                                                                                                                                                                                                                                                                                                                                                                                                                                                                                                                                                                                                                                                                                                                                                                                                                                                                                                                                                                                                                                                                                                                                                                     @typescript-eslint/no-explicit-any
   16:7   error    Error: Cannot access variable before it is declared
> 32 |       console.error(e);
   17:7   error    Error: Cannot access variable before it is declared
> 41 |       console.error(e);
   82:37  error    Unexpected any. Specify a different type                                                                                                                                                                                                                                                                                                                                                                                                                                                                                                                                                                                                                                                                                                                                                                                                                                                                                                                                                                                                                                                                                                                                                                                                                                                                                     @typescript-eslint/no-explicit-any
  124:43  error    Unexpected any. Specify a different type                                                                                                                                                                                                                                                                                                                                                                                                                                                                                                                                                                                                                                                                                                                                                                                                                                                                                                                                                                                                                                                                                                                                                                                                                                                                                     @typescript-eslint/no-explicit-any
  173:49  error    Unexpected any. Specify a different type                                                                                                                                                                                                                                                                                                                                                                                                                                                                                                                                                                                                                                                                                                                                                                                                                                                                                                                                                                                                                                                                                                                                                                                                                                                                                     @typescript-eslint/no-explicit-any
  28:62  error    Unexpected any. Specify a different type  @typescript-eslint/no-explicit-any
  63:58  error    Unexpected any. Specify a different type  @typescript-eslint/no-explicit-any
  98:62  error    Unexpected any. Specify a different type  @typescript-eslint/no-explicit-any
   67:64  error    Unexpected any. Specify a different type                         @typescript-eslint/no-explicit-any
  122:62  error    Unexpected any. Specify a different type                         @typescript-eslint/no-explicit-any
  137:57  error    `"` can be escaped with `&quot;`, `&ldquo;`, `&#34;`, `&rdquo;`  react/no-unescaped-entities
  137:72  error    `"` can be escaped with `&quot;`, `&ldquo;`, `&#34;`, `&rdquo;`  react/no-unescaped-entities
  152:66  error    Unexpected any. Specify a different type                         @typescript-eslint/no-explicit-any
  209:66  error    Unexpected any. Specify a different type                         @typescript-eslint/no-explicit-any
  230:70  error    Unexpected any. Specify a different type                         @typescript-eslint/no-explicit-any
  251:64  error    Unexpected any. Specify a different type                         @typescript-eslint/no-explicit-any
  274:65  error    Unexpected any. Specify a different type                         @typescript-eslint/no-explicit-any
  321:87  error    Unexpected any. Specify a different type                         @typescript-eslint/no-explicit-any
  332:35  error    Unexpected any. Specify a different type                         @typescript-eslint/no-explicit-any
  48:61  error  Unexpected any. Specify a different type  @typescript-eslint/no-explicit-any
  4:57  error  Unexpected any. Specify a different type  @typescript-eslint/no-explicit-any
  5:69  error  Unexpected any. Specify a different type  @typescript-eslint/no-explicit-any
  4:57  error  Unexpected any. Specify a different type  @typescript-eslint/no-explicit-any
  4:56  error  Unexpected any. Specify a different type  @typescript-eslint/no-explicit-any
  4:61  error  Unexpected any. Specify a different type  @typescript-eslint/no-explicit-any
  44:61  error    Unexpected any. Specify a different type  @typescript-eslint/no-explicit-any
  71:61  error    Unexpected any. Specify a different type  @typescript-eslint/no-explicit-any
  96:61  error    `"` can be escaped with `&quot;`, `&ldquo;`, `&#34;`, `&rdquo;`  react/no-unescaped-entities
  96:91  error    `"` can be escaped with `&quot;`, `&ldquo;`, `&#34;`, `&rdquo;`  react/no-unescaped-entities
  44:17  error    `"` can be escaped with `&quot;`, `&ldquo;`, `&#34;`, `&rdquo;`  react/no-unescaped-entities
  44:40  error    `"` can be escaped with `&quot;`, `&ldquo;`, `&#34;`, `&rdquo;`  react/no-unescaped-entities
   51:60   error    Unexpected any. Specify a different type     @typescript-eslint/no-explicit-any
   86:60   error    Unexpected any. Specify a different type     @typescript-eslint/no-explicit-any
  108:62   error    Unexpected any. Specify a different type     @typescript-eslint/no-explicit-any
  126:49   error    Unexpected any. Specify a different type     @typescript-eslint/no-explicit-any
  135:52   error    Unexpected any. Specify a different type     @typescript-eslint/no-explicit-any
  42:7  error  Error: Calling setState synchronously within an effect can trigger cascading renders
  51:7  error  Error: Cannot access variable before it is declared
   54:37  error    Unexpected any. Specify a different type  @typescript-eslint/no-explicit-any
   68:59  error    Unexpected any. Specify a different type  @typescript-eslint/no-explicit-any
   69:52  error    Unexpected any. Specify a different type  @typescript-eslint/no-explicit-any
   70:56  error    Unexpected any. Specify a different type  @typescript-eslint/no-explicit-any
   71:57  error    Unexpected any. Specify a different type  @typescript-eslint/no-explicit-any
   72:64  error    Unexpected any. Specify a different type  @typescript-eslint/no-explicit-any
   73:62  error    Unexpected any. Specify a different type  @typescript-eslint/no-explicit-any
   74:62  error    Unexpected any. Specify a different type  @typescript-eslint/no-explicit-any
   77:29  error    Unexpected any. Specify a different type  @typescript-eslint/no-explicit-any
   78:30  error    Unexpected any. Specify a different type  @typescript-eslint/no-explicit-any
   82:31  error    Unexpected any. Specify a different type  @typescript-eslint/no-explicit-any
   83:32  error    Unexpected any. Specify a different type  @typescript-eslint/no-explicit-any
   84:67  error    Unexpected any. Specify a different type  @typescript-eslint/no-explicit-any
   89:22  error    Unexpected any. Specify a different type  @typescript-eslint/no-explicit-any
  116:40  error    Unexpected any. Specify a different type  @typescript-eslint/no-explicit-any
  117:53  error    Unexpected any. Specify a different type  @typescript-eslint/no-explicit-any
  118:53  error    Unexpected any. Specify a different type  @typescript-eslint/no-explicit-any
  121:42  error    Unexpected any. Specify a different type  @typescript-eslint/no-explicit-any
  124:46  error    Unexpected any. Specify a different type  @typescript-eslint/no-explicit-any
  127:36  error    Unexpected any. Specify a different type  @typescript-eslint/no-explicit-any
  128:49  error    Unexpected any. Specify a different type  @typescript-eslint/no-explicit-any
  129:49  error    Unexpected any. Specify a different type  @typescript-eslint/no-explicit-any
  130:54  error    Unexpected any. Specify a different type  @typescript-eslint/no-explicit-any
  131:62  error    Unexpected any. Specify a different type  @typescript-eslint/no-explicit-any
  132:52  error    Unexpected any. Specify a different type  @typescript-eslint/no-explicit-any
  137:46  error    Unexpected any. Specify a different type  @typescript-eslint/no-explicit-any
  138:52  error    Unexpected any. Specify a different type  @typescript-eslint/no-explicit-any
  139:50  error    Unexpected any. Specify a different type  @typescript-eslint/no-explicit-any
  144:54  error    Unexpected any. Specify a different type  @typescript-eslint/no-explicit-any
  145:64  error    Unexpected any. Specify a different type  @typescript-eslint/no-explicit-any
  148:66  error    Unexpected any. Specify a different type  @typescript-eslint/no-explicit-any
  151:36  error    Unexpected any. Specify a different type  @typescript-eslint/no-explicit-any
  152:71  error    Unexpected any. Specify a different type  @typescript-eslint/no-explicit-any
  154:56  error    Unexpected any. Specify a different type  @typescript-eslint/no-explicit-any
  155:58  error    Unexpected any. Specify a different type  @typescript-eslint/no-explicit-any
  156:55  error    Unexpected any. Specify a different type  @typescript-eslint/no-explicit-any
  159:43  error    Unexpected any. Specify a different type  @typescript-eslint/no-explicit-any
  160:41  error    Unexpected any. Specify a different type  @typescript-eslint/no-explicit-any
  161:64  error    Unexpected any. Specify a different type  @typescript-eslint/no-explicit-any
  162:60  error    Unexpected any. Specify a different type  @typescript-eslint/no-explicit-any
  163:54  error    Unexpected any. Specify a different type  @typescript-eslint/no-explicit-any
  164:40  error    Unexpected any. Specify a different type  @typescript-eslint/no-explicit-any
  167:37  error    Unexpected any. Specify a different type  @typescript-eslint/no-explicit-any
  168:29  error    Unexpected any. Specify a different type  @typescript-eslint/no-explicit-any
  169:39  error    Unexpected any. Specify a different type  @typescript-eslint/no-explicit-any
  170:34  error    Unexpected any. Specify a different type  @typescript-eslint/no-explicit-any
  171:38  error    Unexpected any. Specify a different type  @typescript-eslint/no-explicit-any
  172:54  error    Unexpected any. Specify a different type  @typescript-eslint/no-explicit-any
  173:42  error    Unexpected any. Specify a different type  @typescript-eslint/no-explicit-any
  174:47  error    Unexpected any. Specify a different type  @typescript-eslint/no-explicit-any
  175:49  error    Unexpected any. Specify a different type  @typescript-eslint/no-explicit-any
  176:53  error    Unexpected any. Specify a different type  @typescript-eslint/no-explicit-any
  177:57  error    Unexpected any. Specify a different type  @typescript-eslint/no-explicit-any
  178:39  error    Unexpected any. Specify a different type  @typescript-eslint/no-explicit-any
  179:57  error    Unexpected any. Specify a different type  @typescript-eslint/no-explicit-any
  179:74  error    Unexpected any. Specify a different type  @typescript-eslint/no-explicit-any
  180:48  error    Unexpected any. Specify a different type  @typescript-eslint/no-explicit-any
  183:38  error    Unexpected any. Specify a different type  @typescript-eslint/no-explicit-any
  184:41  error    Unexpected any. Specify a different type  @typescript-eslint/no-explicit-any
  185:49  error    Unexpected any. Specify a different type  @typescript-eslint/no-explicit-any
  186:57  error    Unexpected any. Specify a different type  @typescript-eslint/no-explicit-any
  186:74  error    Unexpected any. Specify a different type  @typescript-eslint/no-explicit-any
  187:46  error    Unexpected any. Specify a different type  @typescript-eslint/no-explicit-any
  188:43  error    Unexpected any. Specify a different type  @typescript-eslint/no-explicit-any
  188:60  error    Unexpected any. Specify a different type  @typescript-eslint/no-explicit-any
  189:47  error    Unexpected any. Specify a different type  @typescript-eslint/no-explicit-any
  190:43  error    Unexpected any. Specify a different type  @typescript-eslint/no-explicit-any
  190:60  error    Unexpected any. Specify a different type  @typescript-eslint/no-explicit-any
  191:50  error    Unexpected any. Specify a different type  @typescript-eslint/no-explicit-any
  192:55  error    Unexpected any. Specify a different type  @typescript-eslint/no-explicit-any
  193:55  error    Unexpected any. Specify a different type  @typescript-eslint/no-explicit-any
  194:50  error    Unexpected any. Specify a different type  @typescript-eslint/no-explicit-any
  195:38  error    Unexpected any. Specify a different type  @typescript-eslint/no-explicit-any
  196:37  error    Unexpected any. Specify a different type  @typescript-eslint/no-explicit-any
  197:40  error    Unexpected any. Specify a different type  @typescript-eslint/no-explicit-any
  198:41  error    Unexpected any. Specify a different type  @typescript-eslint/no-explicit-any
  199:31  error    Unexpected any. Specify a different type  @typescript-eslint/no-explicit-any
  202:35  error    Unexpected any. Specify a different type  @typescript-eslint/no-explicit-any
  203:34  error    Unexpected any. Specify a different type  @typescript-eslint/no-explicit-any
  204:39  error    Unexpected any. Specify a different type  @typescript-eslint/no-explicit-any
  205:38  error    Unexpected any. Specify a different type  @typescript-eslint/no-explicit-any
  206:40  error    Unexpected any. Specify a different type  @typescript-eslint/no-explicit-any
  207:32  error    Unexpected any. Specify a different type  @typescript-eslint/no-explicit-any
  208:32  error    Unexpected any. Specify a different type  @typescript-eslint/no-explicit-any
  209:26  error    Unexpected any. Specify a different type  @typescript-eslint/no-explicit-any
  210:35  error    Unexpected any. Specify a different type  @typescript-eslint/no-explicit-any
  211:42  error    Unexpected any. Specify a different type  @typescript-eslint/no-explicit-any
  212:60  error    Unexpected any. Specify a different type  @typescript-eslint/no-explicit-any
  212:77  error    Unexpected any. Specify a different type  @typescript-eslint/no-explicit-any
  213:34  error    Unexpected any. Specify a different type  @typescript-eslint/no-explicit-any
  214:35  error    Unexpected any. Specify a different type  @typescript-eslint/no-explicit-any
  217:39  error    Unexpected any. Specify a different type  @typescript-eslint/no-explicit-any
  218:28  error    Unexpected any. Specify a different type  @typescript-eslint/no-explicit-any
  219:33  error    Unexpected any. Specify a different type  @typescript-eslint/no-explicit-any
  220:41  error    Unexpected any. Specify a different type  @typescript-eslint/no-explicit-any
  221:41  error    Unexpected any. Specify a different type  @typescript-eslint/no-explicit-any
  221:58  error    Unexpected any. Specify a different type  @typescript-eslint/no-explicit-any
  222:46  error    Unexpected any. Specify a different type  @typescript-eslint/no-explicit-any
  223:43  error    Unexpected any. Specify a different type  @typescript-eslint/no-explicit-any
  224:32  error    Unexpected any. Specify a different type  @typescript-eslint/no-explicit-any
  225:67  error    Unexpected any. Specify a different type  @typescript-eslint/no-explicit-any
  226:90  error    Unexpected any. Specify a different type  @typescript-eslint/no-explicit-any
  227:34  error    Unexpected any. Specify a different type  @typescript-eslint/no-explicit-any
  228:52  error    Unexpected any. Specify a different type  @typescript-eslint/no-explicit-any
  229:60  error    Unexpected any. Specify a different type  @typescript-eslint/no-explicit-any
  230:38  error    Unexpected any. Specify a different type  @typescript-eslint/no-explicit-any
  231:29  error    Unexpected any. Specify a different type  @typescript-eslint/no-explicit-any
  232:33  error    Unexpected any. Specify a different type  @typescript-eslint/no-explicit-any
  233:36  error    Unexpected any. Specify a different type  @typescript-eslint/no-explicit-any
  234:32  error    Unexpected any. Specify a different type  @typescript-eslint/no-explicit-any
  234:49  error    Unexpected any. Specify a different type  @typescript-eslint/no-explicit-any
  235:32  error    Unexpected any. Specify a different type  @typescript-eslint/no-explicit-any
  236:29  error    Unexpected any. Specify a different type  @typescript-eslint/no-explicit-any
  236:46  error    Unexpected any. Specify a different type  @typescript-eslint/no-explicit-any
  237:52  error    Unexpected any. Specify a different type  @typescript-eslint/no-explicit-any
  238:51  error    Unexpected any. Specify a different type  @typescript-eslint/no-explicit-any
  239:35  error    Unexpected any. Specify a different type  @typescript-eslint/no-explicit-any
  240:43  error    Unexpected any. Specify a different type  @typescript-eslint/no-explicit-any
  241:38  error    Unexpected any. Specify a different type  @typescript-eslint/no-explicit-any
  242:39  error    Unexpected any. Specify a different type  @typescript-eslint/no-explicit-any
  243:38  error    Unexpected any. Specify a different type  @typescript-eslint/no-explicit-any
  244:31  error    Unexpected any. Specify a different type  @typescript-eslint/no-explicit-any
  246:35  error    Unexpected any. Specify a different type  @typescript-eslint/no-explicit-any
  247:53  error    Unexpected any. Specify a different type  @typescript-eslint/no-explicit-any
  247:70  error    Unexpected any. Specify a different type  @typescript-eslint/no-explicit-any
  248:35  error    Unexpected any. Specify a different type  @typescript-eslint/no-explicit-any
  249:31  error    Unexpected any. Specify a different type  @typescript-eslint/no-explicit-any
  249:48  error    Unexpected any. Specify a different type  @typescript-eslint/no-explicit-any
  250:36  error    Unexpected any. Specify a different type  @typescript-eslint/no-explicit-any
  251:36  error    Unexpected any. Specify a different type  @typescript-eslint/no-explicit-any
  252:37  error    Unexpected any. Specify a different type  @typescript-eslint/no-explicit-any
  252:54  error    Unexpected any. Specify a different type  @typescript-eslint/no-explicit-any
  255:21  error    Unexpected any. Specify a different type  @typescript-eslint/no-explicit-any
  258:21  error    Unexpected any. Specify a different type  @typescript-eslint/no-explicit-any
  261:21  error    Unexpected any. Specify a different type  @typescript-eslint/no-explicit-any
  264:21  error    Unexpected any. Specify a different type  @typescript-eslint/no-explicit-any
  267:21  error    Unexpected any. Specify a different type  @typescript-eslint/no-explicit-any
  270:21  error    Unexpected any. Specify a different type  @typescript-eslint/no-explicit-any
  273:21  error    Unexpected any. Specify a different type  @typescript-eslint/no-explicit-any
  275:57  error    Unexpected any. Specify a different type  @typescript-eslint/no-explicit-any
  276:21  error    Unexpected any. Specify a different type  @typescript-eslint/no-explicit-any
  284:21  error    Unexpected any. Specify a different type  @typescript-eslint/no-explicit-any
  287:21  error    Unexpected any. Specify a different type  @typescript-eslint/no-explicit-any
  290:21  error    Unexpected any. Specify a different type  @typescript-eslint/no-explicit-any
  293:21  error    Unexpected any. Specify a different type  @typescript-eslint/no-explicit-any
  296:21  error    Unexpected any. Specify a different type  @typescript-eslint/no-explicit-any
  299:21  error    Unexpected any. Specify a different type  @typescript-eslint/no-explicit-any
  302:21  error    Unexpected any. Specify a different type  @typescript-eslint/no-explicit-any
  307:21  error    Unexpected any. Specify a different type  @typescript-eslint/no-explicit-any
  310:21  error    Unexpected any. Specify a different type  @typescript-eslint/no-explicit-any
  313:21  error    Unexpected any. Specify a different type  @typescript-eslint/no-explicit-any
  316:21  error    Unexpected any. Specify a different type  @typescript-eslint/no-explicit-any
  319:21  error    Unexpected any. Specify a different type  @typescript-eslint/no-explicit-any
  322:21  error    Unexpected any. Specify a different type  @typescript-eslint/no-explicit-any
  325:21  error    Unexpected any. Specify a different type  @typescript-eslint/no-explicit-any
  330:21  error    Unexpected any. Specify a different type  @typescript-eslint/no-explicit-any
  333:21  error    Unexpected any. Specify a different type  @typescript-eslint/no-explicit-any
  336:21  error    Unexpected any. Specify a different type  @typescript-eslint/no-explicit-any
  344:21  error    Unexpected any. Specify a different type  @typescript-eslint/no-explicit-any
  347:21  error    Unexpected any. Specify a different type  @typescript-eslint/no-explicit-any
  351:21  error    Unexpected any. Specify a different type  @typescript-eslint/no-explicit-any
  354:21  error    Unexpected any. Specify a different type  @typescript-eslint/no-explicit-any
  357:21  error    Unexpected any. Specify a different type  @typescript-eslint/no-explicit-any
  360:21  error    Unexpected any. Specify a different type  @typescript-eslint/no-explicit-any
  363:21  error    Unexpected any. Specify a different type  @typescript-eslint/no-explicit-any
  369:21  error    Unexpected any. Specify a different type  @typescript-eslint/no-explicit-any
  372:21  error    Unexpected any. Specify a different type  @typescript-eslint/no-explicit-any
  379:21  error    Unexpected any. Specify a different type  @typescript-eslint/no-explicit-any
  382:21  error    Unexpected any. Specify a different type  @typescript-eslint/no-explicit-any
  385:21  error    Unexpected any. Specify a different type  @typescript-eslint/no-explicit-any
  387:41  error    Unexpected any. Specify a different type  @typescript-eslint/no-explicit-any
  388:21  error    Unexpected any. Specify a different type  @typescript-eslint/no-explicit-any
  393:32  error    Unexpected any. Specify a different type  @typescript-eslint/no-explicit-any
  394:21  error    Unexpected any. Specify a different type  @typescript-eslint/no-explicit-any
  400:21  error    Unexpected any. Specify a different type  @typescript-eslint/no-explicit-any
  403:21  error    Unexpected any. Specify a different type  @typescript-eslint/no-explicit-any
  405:38  error    Unexpected any. Specify a different type  @typescript-eslint/no-explicit-any
  406:21  error    Unexpected any. Specify a different type  @typescript-eslint/no-explicit-any
  412:21  error    Unexpected any. Specify a different type  @typescript-eslint/no-explicit-any
  415:21  error    Unexpected any. Specify a different type  @typescript-eslint/no-explicit-any
  418:21  error    Unexpected any. Specify a different type  @typescript-eslint/no-explicit-any
  421:21  error    Unexpected any. Specify a different type  @typescript-eslint/no-explicit-any
  424:21  error    Unexpected any. Specify a different type  @typescript-eslint/no-explicit-any
  427:21  error    Unexpected any. Specify a different type  @typescript-eslint/no-explicit-any
  430:21  error    Unexpected any. Specify a different type  @typescript-eslint/no-explicit-any
  433:21  error    Unexpected any. Specify a different type  @typescript-eslint/no-explicit-any
  436:44  error    Unexpected any. Specify a different type  @typescript-eslint/no-explicit-any
  437:47  error    Unexpected any. Specify a different type  @typescript-eslint/no-explicit-any
  438:59  error    Unexpected any. Specify a different type  @typescript-eslint/no-explicit-any
  439:54  error    Unexpected any. Specify a different type  @typescript-eslint/no-explicit-any
  440:46  error    Unexpected any. Specify a different type  @typescript-eslint/no-explicit-any
  441:51  error    Unexpected any. Specify a different type  @typescript-eslint/no-explicit-any
  442:39  error    Unexpected any. Specify a different type  @typescript-eslint/no-explicit-any
  443:41  error    Unexpected any. Specify a different type  @typescript-eslint/no-explicit-any
  444:38  error    Unexpected any. Specify a different type  @typescript-eslint/no-explicit-any
  445:36  error    Unexpected any. Specify a different type  @typescript-eslint/no-explicit-any
  446:38  error    Unexpected any. Specify a different type  @typescript-eslint/no-explicit-any
  449:44  error    Unexpected any. Specify a different type  @typescript-eslint/no-explicit-any
  450:43  error    Unexpected any. Specify a different type  @typescript-eslint/no-explicit-any
  451:59  error    Unexpected any. Specify a different type  @typescript-eslint/no-explicit-any
  452:39  error    Unexpected any. Specify a different type  @typescript-eslint/no-explicit-any
  453:60  error    Unexpected any. Specify a different type  @typescript-eslint/no-explicit-any
  454:63  error    Unexpected any. Specify a different type  @typescript-eslint/no-explicit-any
  455:58  error    Unexpected any. Specify a different type  @typescript-eslint/no-explicit-any
  456:63  error    Unexpected any. Specify a different type  @typescript-eslint/no-explicit-any
  457:61  error    Unexpected any. Specify a different type  @typescript-eslint/no-explicit-any
  458:46  error    Unexpected any. Specify a different type  @typescript-eslint/no-explicit-any
  459:49  error    Unexpected any. Specify a different type  @typescript-eslint/no-explicit-any
  462:43  error    Unexpected any. Specify a different type  @typescript-eslint/no-explicit-any
  463:37  error    Unexpected any. Specify a different type  @typescript-eslint/no-explicit-any
  464:53  error    Unexpected any. Specify a different type  @typescript-eslint/no-explicit-any
  465:46  error    Unexpected any. Specify a different type  @typescript-eslint/no-explicit-any
  466:62  error    Unexpected any. Specify a different type  @typescript-eslint/no-explicit-any
  467:63  error    Unexpected any. Specify a different type  @typescript-eslint/no-explicit-any
  467:80  error    Unexpected any. Specify a different type  @typescript-eslint/no-explicit-any
  468:67  error    Unexpected any. Specify a different type  @typescript-eslint/no-explicit-any
  469:60  error    Unexpected any. Specify a different type  @typescript-eslint/no-explicit-any
  470:64  error    Unexpected any. Specify a different type  @typescript-eslint/no-explicit-any
  471:54  error    Unexpected any. Specify a different type  @typescript-eslint/no-explicit-any
  471:71  error    Unexpected any. Specify a different type  @typescript-eslint/no-explicit-any
  472:45  error    Unexpected any. Specify a different type  @typescript-eslint/no-explicit-any
  473:45  error    Unexpected any. Specify a different type  @typescript-eslint/no-explicit-any
  475:50  error    Unexpected any. Specify a different type  @typescript-eslint/no-explicit-any
  476:64  error    Unexpected any. Specify a different type  @typescript-eslint/no-explicit-any
  477:58  error    Unexpected any. Specify a different type  @typescript-eslint/no-explicit-any
  478:57  error    Unexpected any. Specify a different type  @typescript-eslint/no-explicit-any
  479:60  error    Unexpected any. Specify a different type  @typescript-eslint/no-explicit-any
  480:60  error    Unexpected any. Specify a different type  @typescript-eslint/no-explicit-any
  481:60  error    Unexpected any. Specify a different type  @typescript-eslint/no-explicit-any
  482:65  error    Unexpected any. Specify a different type  @typescript-eslint/no-explicit-any
  483:58  error    Unexpected any. Specify a different type  @typescript-eslint/no-explicit-any
  484:72  error    Unexpected any. Specify a different type  @typescript-eslint/no-explicit-any
  485:60  error    Unexpected any. Specify a different type  @typescript-eslint/no-explicit-any
  486:60  error    Unexpected any. Specify a different type  @typescript-eslint/no-explicit-any
  487:53  error    Unexpected any. Specify a different type  @typescript-eslint/no-explicit-any
  487:70  error    Unexpected any. Specify a different type  @typescript-eslint/no-explicit-any
  488:58  error    Unexpected any. Specify a different type  @typescript-eslint/no-explicit-any
  489:59  error    Unexpected any. Specify a different type  @typescript-eslint/no-explicit-any
  490:79  error    Unexpected any. Specify a different type  @typescript-eslint/no-explicit-any
  490:96  error    Unexpected any. Specify a different type  @typescript-eslint/no-explicit-any
  491:57  error    Unexpected any. Specify a different type  @typescript-eslint/no-explicit-any
  492:77  error    Unexpected any. Specify a different type  @typescript-eslint/no-explicit-any
  492:94  error    Unexpected any. Specify a different type  @typescript-eslint/no-explicit-any
  493:59  error    Unexpected any. Specify a different type  @typescript-eslint/no-explicit-any
   48:24  error  Unexpected any. Specify a different type  @typescript-eslint/no-explicit-any
   49:21  error  Unexpected any. Specify a different type  @typescript-eslint/no-explicit-any
   50:15  error  Unexpected any. Specify a different type  @typescript-eslint/no-explicit-any
   51:16  error  Unexpected any. Specify a different type  @typescript-eslint/no-explicit-any
   52:16  error  Unexpected any. Specify a different type  @typescript-eslint/no-explicit-any
   53:18  error  Unexpected any. Specify a different type  @typescript-eslint/no-explicit-any
   54:19  error  Unexpected any. Specify a different type  @typescript-eslint/no-explicit-any
   55:14  error  Unexpected any. Specify a different type  @typescript-eslint/no-explicit-any
   56:18  error  Unexpected any. Specify a different type  @typescript-eslint/no-explicit-any
  113:20  error  Unexpected any. Specify a different type  @typescript-eslint/no-explicit-any
  114:24  error  Unexpected any. Specify a different type  @typescript-eslint/no-explicit-any
  115:22  error  Unexpected any. Specify a different type  @typescript-eslint/no-explicit-any
  116:21  error  Unexpected any. Specify a different type  @typescript-eslint/no-explicit-any
  117:17  error  Unexpected any. Specify a different type  @typescript-eslint/no-explicit-any
  118:16  error  Unexpected any. Specify a different type  @typescript-eslint/no-explicit-any
  120:20  error  Unexpected any. Specify a different type  @typescript-eslint/no-explicit-any
  140:23  error  Unexpected any. Specify a different type  @typescript-eslint/no-explicit-any
  141:15  error  Unexpected any. Specify a different type  @typescript-eslint/no-explicit-any
  142:15  error  Unexpected any. Specify a different type  @typescript-eslint/no-explicit-any
  143:13  error  Unexpected any. Specify a different type  @typescript-eslint/no-explicit-any
  144:10  error  Unexpected any. Specify a different type  @typescript-eslint/no-explicit-any
  145:21  error  Unexpected any. Specify a different type  @typescript-eslint/no-explicit-any
  146:22  error  Unexpected any. Specify a different type  @typescript-eslint/no-explicit-any
  147:24  error  Unexpected any. Specify a different type  @typescript-eslint/no-explicit-any
  157:19  error  Unexpected any. Specify a different type  @typescript-eslint/no-explicit-any
  158:24  error  Unexpected any. Specify a different type  @typescript-eslint/no-explicit-any
  159:22  error  Unexpected any. Specify a different type  @typescript-eslint/no-explicit-any
  160:33  error  Unexpected any. Specify a different type  @typescript-eslint/no-explicit-any
  161:23  error  Unexpected any. Specify a different type  @typescript-eslint/no-explicit-any
  162:25  error  Unexpected any. Specify a different type  @typescript-eslint/no-explicit-any
  163:19  error  Unexpected any. Specify a different type  @typescript-eslint/no-explicit-any
  193:15  error  Unexpected any. Specify a different type  @typescript-eslint/no-explicit-any
  194:27  error  Unexpected any. Specify a different type  @typescript-eslint/no-explicit-any
  195:24  error  Unexpected any. Specify a different type  @typescript-eslint/no-explicit-any
  196:21  error  Unexpected any. Specify a different type  @typescript-eslint/no-explicit-any
  197:22  error  Unexpected any. Specify a different type  @typescript-eslint/no-explicit-any
  206:12  error  Unexpected any. Specify a different type  @typescript-eslint/no-explicit-any
  208:23  error  Unexpected any. Specify a different type  @typescript-eslint/no-explicit-any
  217:17  error  Unexpected any. Specify a different type  @typescript-eslint/no-explicit-any
  229:14  error  Unexpected any. Specify a different type  @typescript-eslint/no-explicit-any
✖ 803 problems (582 errors, 221 warnings)
  3 errors and 0 warnings potentially fixable with the `--fix` option.
